// Jest Snapshot v1, https://goo.gl/fbAQLP

exports[`Sample Test will perform a simple update of gandalf 1`] = `
{
  "sample/gandalf.md": "# I Am Gandalf the Title, and should be left alone

I am [Gandalf] the Grey

\`\`\`
In the beginning, there was nothing. Then, there was Gandalf.
\`\`\`

I am [Gandalf], the existing link

I am an existing [Frodo] link

But now im [gandalf] the smoll.

[Frodo]: frodo.md
[Gandalf]: original.md",
}
`;
