// Jest Snapshot v1, https://goo.gl/fbAQLP

exports[`Sample Test will perform a simple update of gandalf 1`] = `
{
  "sample/gandalf.md": "# I Am Gandalf the Title, and should be left alone

I am [Gandalf] the Grey

\`\`\`
In the beginning, there was nothing. Then, there was Gandalf.
\`\`\`

I am [Gandalf], the existing link

But now im [gandalf] the smoll.


[Gandalf]: original.md",
  "sample/original.md": "<!--{"tags":["gandalf", "Gandalf"]}-->

# I am a test file


I am Gandalf, but should be left alone

",
}
`;
